
> shiv-portfolio@0.1.0 build
> next build

   Γû▓ Next.js 16.0.3 (Turbopack)

   Creating an optimized production build ...
 Γ£ô Compiled successfully in 3.5s
   Running TypeScript ...
node.exe : Failed to 
compile.
At C:\Program Files\n
odejs\npm.ps1:29 
char:3
+   & $NODE_EXE 
$NPM_CLI_JS $args
+   ~~~~~~~~~~~~~~~~~
~~~~~~~~~~~~
    + CategoryInfo   
           : NotSpe  
  cified: (Failed    
 to compile.:Stri    
ng) [], RemoteEx    
ception
    + FullyQualified 
   ErrorId : Native  
  CommandError
 

./components/features
/CharacterSelect.tsx:
102:92
Type error: No 
overload matches 
this call.
  The last overload 
gave the following 
error.
    Object literal 
may only specify 
known properties, 
and 'className' does 
not exist in type 
'Partial<unknown> & 
Attributes'.

[0m [90m 100 
|[39m               
              classNa
me[33m=[39m{cn([32
m"p-6 rounded-full 
border-4 mb-4"[39m[
33m,[39m selectedCha
r[33m.[39mcolor)}
 [90m 101 |[39m    
                     
[33m>[39m
[31m[1m>[22m[39m
[90m 102 |[39m      
                     
  {[33mReact[39m[3
3m.[39mcloneElement(
selectedChar[33m.[3
9micon [36mas[39m 
[33mReact[39m[33m.
[39m[33mReactElement
[39m[33m,[39m { 
className[33m:[39m 
[32m"w-24 
h-24"[39m })}
 [90m     |[39m    
                     
                     
                     
                     
    
[31m[1m^[22m[39m
 [90m 103 |[39m    
                     
[33m<[39m[33m/[39
m[33mmotion[39m[33
m.[39mdiv[33m>[39m
 [90m 104 |[39m    
                     
[33m<[39m[33mh3[3
9m className[33m=[3
9m[32m"font-pixel 
text-2xl 
text-retro-text mb-2"
[39m[33m>[39m{sele
ctedChar[33m.[39mro
le}[33m<[39m[33m/
[39m[33mh3[39m[33m
>[39m
 [90m 105 |[39m    
                     
[33m<[39m[33mp[39
m className[33m=[39
m[32m"font-mono 
text-center text-retr
o-text/80"[39m[33m>
[39m{selectedChar[3
3m.[39mdescription}
[33m<[39m[33m/[39m
[33mp[39m[33m>[39
m[0m
Next.js build worker 
exited with code: 1 
and signal: null
