components/features/CharacterSelect.tsx(102,92): error TS2769: No overload matches this call.
  The last overload gave the following error.
    Object literal may only specify known properties, and 'className' does not exist in type 'Partial<unknown> & Attributes'.
hooks/useTerminal.tsx(5,22): error TS2503: Cannot find namespace 'JSX'.
hooks/useTerminal.tsx(12,65): error TS2503: Cannot find namespace 'JSX'.
hooks/useTerminal.tsx(39,30): error TS2503: Cannot find namespace 'JSX'.
